// Jest Snapshot v1, https://goo.gl/fbAQLP

exports[`<KeyboardHide /> renders correctly 1`] = `
<View
  accessible={true}
  focusable={true}
  onClick={[Function]}
  onResponderGrant={[Function]}
  onResponderMove={[Function]}
  onResponderRelease={[Function]}
  onResponderTerminate={[Function]}
  onResponderTerminationRequest={[Function]}
  onStartShouldSetResponder={[Function]}
  style={
    Object {
      "margin": 10,
      "marginLeft": 2,
      "marginRight": -1,
      "marginTop": 15,
      "opacity": 1,
    }
  }
>
  <Text />
</View>
`;
