// Jest Snapshot v1, https://goo.gl/fbAQLP

exports[`<Login /> renders correctly 1`] = `
<View
  style={
    Object {
      "alignItems": "center",
      "flex": 1,
      "justifyContent": "center",
    }
  }
>
  <Image
    resizeMode="contain"
    source={1}
    style={
      Object {
        "alignSelf": "stretch",
        "marginHorizontal": 10,
        "marginVertical": -110,
        "width": undefined,
      }
    }
  />
  <View
    onLayout={[Function]}
    style={
      Array [
        Object {},
        Object {
          "paddingBottom": 0,
        },
      ]
    }
  >
    <Text
      style={
        Array [
          Object {
            "fontFamily": "Manrope_400Regular",
            "fontSize": 30,
            "fontWeight": "bold",
          },
          Object {
            "alignSelf": "center",
          },
        ]
      }
    >
      What's your name?
    </Text>
    <View
      style={
        Object {
          "flexDirection": "row",
          "justifyContent": "center",
        }
      }
    >
      <TextInput
        allowFontScaling={true}
        onChangeText={[Function]}
        placeholder="Name.."
        rejectResponderTermination={true}
        style={
          Array [
            Object {
              "alignItems": "center",
              "borderBottomWidth": 0.5,
              "borderColor": "gray",
              "borderRadius": 10,
              "fontSize": 20,
              "height": 40,
              "marginLeft": 10,
              "marginTop": 10,
              "paddingHorizontal": 10,
            },
            Object {
              "flex": 0,
              "width": 200,
            },
          ]
        }
        underlineColorAndroid="transparent"
      />
      <View
        accessible={true}
        focusable={true}
        onClick={[Function]}
        onResponderGrant={[Function]}
        onResponderMove={[Function]}
        onResponderRelease={[Function]}
        onResponderTerminate={[Function]}
        onResponderTerminationRequest={[Function]}
        onStartShouldSetResponder={[Function]}
        style={
          Object {
            "backgroundColor": "#e6e6e6",
            "borderColor": "#6d557000",
            "borderRadius": 10,
            "borderWidth": 1,
            "elevation": 2,
            "marginHorizontal": 5,
            "marginTop": 10,
            "marginVertical": 5,
            "opacity": 1,
            "paddingHorizontal": 12,
            "paddingVertical": 8,
          }
        }
      >
        <Text
          style={
            Object {
              "fontFamily": "Manrope_400Regular",
              "fontSize": 20,
            }
          }
        >
          Enter
        </Text>
      </View>
    </View>
  </View>
</View>
`;
